main.c:397:13:MX_LPUART1_UART_Init	8	static
main.c:79:6:stm32l_lowPowerSetup	8	static
main.c:94:6:HAL_RTCEx_WAKEUpTimerEventCallback	0	static
main.c:100:6:HAL_RTC_AlarmAEventCallback	0	static
main.c:138:6:COUNTER_CONSUMER	0	static
main.c:142:6:TRANSMIT_WSSFM10R2AT	32	static
main.c:153:10:CONFIG_CHANNEL_ADC	24	static
main.c:167:10:GET_MEAS_BAT	16	static
main.c:175:10:GET_MEAS_HALL	16	static
main.c:183:6:WAKE_WSSFM10R2AT	8	static
main.c:190:6:RESET_WSSFM10R2AT	8	static
main.c:196:6:DEEP_SLEEP_WSSFM10R2AT	24	static
main.c:203:6:DATA_ASSIGMENT	32	static
main.c:219:6:BUILD_DATA_TO_SEND	8	static
main.c:115:6:CASES_CHOICE	16	static
main.c:289:6:SystemClock_Config	112	static
main.c:89:6:stm32l_lowPowerResume	8	static
main.c:237:5:main	104	static
main.c:567:6:Error_Handler	0	static
