main.c:731:13:MX_GPIO_Init	48	static
main.c:509:13:MX_ADC_Init	16	static
main.c:616:13:MX_LPUART1_UART_Init	8	static
main.c:110:6:stm32l_lowPowerSetup	48	static
main.c:137:6:UPDATE_FREQUENCY_MESSAGE	24	static
main.c:156:6:UPDATE_UTC	24	static
main.c:168:6:UPDATE_RTC_TIME	24	static
main.c:179:8:CHECK_RECEPTION_OK	0	static
main.c:192:6:DECODED_TIME	8	static
main.c:204:6:HAL_RTC_AlarmAEventCallback	0	static
main.c:256:6:COUNTER_CONSUMER	0	static
main.c:214:6:HAL_GPIO_EXTI_Callback	8	static
main.c:260:6:TRANSMIT_WSSFM10R2AT	32	static
main.c:272:6:TRANSMIT_WSSFM10R2AT_WITH_DOWNLINK	48	static
main.c:303:10:CONFIG_CHANNEL_ADC	24	static
main.c:317:10:GET_MEAS_BAT	16	static
main.c:325:10:GET_MEAS_HALL	16	static
main.c:333:6:WAKE_WSSFM10R2AT	8	static
main.c:340:6:RESET_WSSFM10R2AT	8	static
main.c:346:6:DEEP_SLEEP_WSSFM10R2AT	24	static
main.c:353:6:CONTINUOUS_WAVE_WSSFM10R2AT	40	static
main.c:364:6:DATA_ASSIGMENT	32	static
main.c:380:6:BUILD_DATA_TO_SEND	8	static
main.c:225:6:CASES_CHOICE	16	static
main.c:456:6:SystemClock_Config	112	static
main.c:133:6:stm32l_lowPowerResume	8	static
main.c:398:5:main	88	static
main.c:785:6:Error_Handler	0	static
