main.c:726:13:MX_GPIO_Init	48	static
main.c:504:13:MX_ADC_Init	16	static
main.c:611:13:MX_LPUART1_UART_Init	8	static
main.c:111:6:stm32l_lowPowerSetup	48	static
main.c:138:6:UPDATE_FREQUENCY_MESSAGE	24	static
main.c:157:6:UPDATE_UTC	24	static
main.c:169:6:UPDATE_RTC_TIME	24	static
main.c:180:8:CHECK_RECEPTION_OK	0	static
main.c:193:6:DECODED_TIME	8	static
main.c:205:6:HAL_RTC_AlarmAEventCallback	0	static
main.c:221:6:HAL_UART_RxCpltCallback	16	static
main.c:276:6:COUNTER_CONSUMER	0	static
main.c:215:6:HAL_GPIO_EXTI_Callback	8	static
main.c:280:6:TRANSMIT_WSSFM10R2AT	32	static
main.c:292:6:TRANSMIT_WSSFM10R2AT_WITH_DOWNLINK	56	static
main.c:312:10:CONFIG_CHANNEL_ADC	24	static
main.c:326:10:GET_MEAS_BAT	16	static
main.c:334:10:GET_MEAS_HALL	16	static
main.c:342:6:WAKE_WSSFM10R2AT	8	static
main.c:349:6:RESET_WSSFM10R2AT	8	static
main.c:355:6:DEEP_SLEEP_WSSFM10R2AT	24	static
main.c:362:6:DATA_ASSIGMENT	32	static
main.c:378:6:BUILD_DATA_TO_SEND	8	static
main.c:244:6:CASES_CHOICE	16	static
main.c:451:6:SystemClock_Config	112	static
main.c:134:6:stm32l_lowPowerResume	8	static
main.c:396:5:main	88	static
main.c:780:6:Error_Handler	0	static
