main.c:77:6:HAL_RTCEx_WAKEUpTimerEventCallback	0	static
main.c:109:6:COUNTER_CONSUMER	0	static
main.c:113:6:TRANSMIT_WSSFM10R2AT	32	static
main.c:128:10:CONFIG_CHANNEL_ADC	24	static
main.c:142:10:GET_MEAS_BAT	8	static
main.c:147:10:GET_MEAS_HALL	8	static
main.c:152:6:WAKE_WSSFM10R2AT	8	static
main.c:159:6:RESET_WSSFM10R2AT	8	static
main.c:165:6:DEEP_SLEEP_WSSFM10R2AT	24	static
main.c:172:6:DATA_ASSIGMENT	32	static
main.c:188:6:BUILD_DATA_TO_SEND	8	static
main.c:87:6:CASES_CHOICE	8	static
main.c:251:6:SystemClock_Config	112	static
main.c:201:5:main	56	static
main.c:520:6:Error_Handler	0	static
